error: proc-macro derive panicked
 --> tests/compile-fail/nonzero_default_fail.rs:5:10
  |
5 | #[derive(NonZeroRepr, EnumMetadata)]
  |          ^^^^^^^^^^^
  |
  = help: message: Enum element defaults to zero
